testfiles/semacheck/teal1/nonnull-local.in[2:4-2:23]: Qualified local variabes must be initialized.
