f1	[10:11-10:22]	[3:0-8:0]
int	[12:9-12:13]	<BUILTIN>[0:0-0:0]
int	[18:10-18:14]	<BUILTIN>[0:0-0:0]
int	[3:9-3:13]	<BUILTIN>[0:0-0:0]
s	[6:14-6:14]	[3:16-3:25]
shadowed	[10:26-10:33]	[1:0-1:17]
shadowed	[13:13-13:20]	[1:0-1:17]
shadowed	[15:11-15:18]	[14:4-14:25]
shadowed	[5:22-5:29]	[4:4-4:21]
sp	[20:11-20:12]	[19:4-19:15]
string	[12:18-12:25]	<BUILTIN>[0:0-0:0]
string	[3:18-3:25]	<BUILTIN>[0:0-0:0]
t	[5:14-5:14]	[3:7-3:13]
t1	[7:11-7:12]	[5:4-5:30]
