f1	10:12-10:23	3:1-8:1
int	12:10-12:14	0:0-0:0
int	18:11-18:15	0:0-0:0
int	3:10-3:14	0:0-0:0
s	6:15-6:15	3:17-3:26
shadowed	10:27-10:34	1:1-1:18
shadowed	13:14-13:21	1:1-1:18
shadowed	15:12-15:19	14:5-14:26
shadowed	5:23-5:30	4:5-4:22
sp	20:12-20:13	19:5-19:16
string	12:19-12:26	0:0-0:0
string	3:19-3:26	0:0-0:0
t	5:15-5:15	3:8-3:14
t1	7:12-7:13	5:5-5:31
