Entry#0 @ 1 :
  -> Access#0
VarDecl#0 @ 1 :
VarDecl#1 @ 2 :
  -> Exit#0
Access#0 @ 2 :
  -> IntConstant#0
IndexExpr#0 @ 2 :
  -> VarDecl#1
IntConstant#0 @ 2 :
  -> IndexExpr#0
Exit#0 @ 3 :
