Entry#0 @ 1 :
  -> IntConstant#0
ReturnStmt#0 @ 2 :
  -> Exit#0
IntConstant#0 @ 2 :
  -> ReturnStmt#0
Exit#0 @ 3 :
