Entry#0 @ 1 :
  -> Null#0
ReturnStmt#0 @ 2 :
  -> Exit#0
Null#0 @ 2 :
  -> ReturnStmt#0
Exit#0 @ 3 :
