Entry#0 @ 1 :
  -> Access#0
VarDecl#0 @ 1 :
VarDecl#1 @ 1 :
VarDecl#2 @ 1 :
Access#0 @ 2 :
  -> Access#1
OrExpr#0 @ 2 :
  -> Access#2
OrExpr#1 @ 2 :
  -> IntConstant#0
  -> IntConstant#1
Access#1 @ 2 :
  -> OrExpr#0
Access#2 @ 2 :
  -> OrExpr#1
ReturnStmt#0 @ 3 :
  -> Exit#0
IntConstant#0 @ 3 :
  -> ReturnStmt#0
ReturnStmt#1 @ 5 :
  -> Exit#0
IntConstant#1 @ 5 :
  -> ReturnStmt#1
Exit#0 @ 6 :
