Entry#0 @ 1 :
  -> IntConstant#0
CallExpr#0 @ 2 :
  -> Exit#0
IntConstant#0 @ 2 :
  -> CallExpr#0
Exit#0 @ 3 :
