Entry#0 @ 1 :
  -> Access#0
VarDecl#0 @ 1 :
ReturnStmt#0 @ 2 :
  -> Exit#0
Access#0 @ 2 :
  -> ReturnStmt#0
Exit#0 @ 3 :
