Entry#0 @ 1 :
  -> Access#0
VarDecl#0 @ 1 :
VarDecl#1 @ 1 :
Access#0 @ 2 :
  -> Access#1
  -> Exit#0
Access#1 @ 3 :
  -> IntConstant#0
  -> Access#3
Access#2 @ 4 :
  -> AssignStmt#0
AssignStmt#0 @ 4 :
  -> Access#0
IntConstant#0 @ 4 :
  -> Access#2
Access#3 @ 6 :
  -> Access#0
  -> Access#5
Access#4 @ 7 :
  -> AssignStmt#1
AssignStmt#1 @ 7 :
  -> Access#3
Access#5 @ 7 :
  -> Access#4
Exit#0 @ 11 :
