Entry#0 @ 1 :
  -> Access#0
VarDecl#0 @ 1 :
Access#0 @ 2 :
  -> IntConstant#0
  -> Exit#0
Access#1 @ 3 :
  -> AssignStmt#0
AssignStmt#0 @ 3 :
  -> Access#0
IntConstant#0 @ 3 :
  -> Access#1
Exit#0 @ 5 :
