Multiple declarations for symbol 'array' at locations: 1:1-4:0, 2:1-2:18.
Multiple declarations for symbol 'int' at locations: 1:1-1:13, 1:1-4:0.
Multiple declarations for symbol 'string' at locations: 1:1-4:0, 3:1-3:21.
