Multiple declarations for symbol 'dup_name' at locations: 1:1-1:18, 2:1-2:26, 3:1-3:36.
