testfiles/semacheck/teal3/lvalue.in[2:4-2:4]: Illegal target expression for assignment.
testfiles/semacheck/teal3/lvalue.in[3:4-3:6]: Illegal target expression for assignment.
testfiles/semacheck/teal3/lvalue.in[4:4-4:8]: Illegal target expression for assignment.
testfiles/semacheck/teal3/lvalue.in[5:4-5:8]: Illegal target expression for assignment.
testfiles/semacheck/teal3/lvalue.in[6:4-6:9]: Illegal target expression for assignment.
testfiles/semacheck/teal3/lvalue.in[7:4-7:7]: Illegal target expression for assignment.
testfiles/semacheck/teal3/lvalue.in[8:4-8:7]: Illegal target expression for assignment.
testfiles/semacheck/teal3/lvalue.in[9:4-9:7]: Illegal target expression for assignment.
